// Jest Snapshot v1, https://goo.gl/fbAQLP

exports[`HelloWorld Component renders the UI as expected 1`] = `
<h1>
  Hello World
</h1>
`;
